
> ozrentaplane@0.1.0 start
> next start

  ▲ Next.js 14.2.35
  - Local:        http://localhost:3000

 ✓ Starting...
 ✓ Ready in 250ms
 ⚠ For production Image Optimization with Next.js, the optional 'sharp' package is strongly recommended. Run 'npm i sharp', and Next.js will use it automatically for Image Optimization.
Read more: https://nextjs.org/docs/messages/sharp-missing-in-production
{"type":"perf_timing","timestamp":"2026-07-28T17:55:39.747Z","operationId":"1d674e12-f013-48f5-97cf-ba6eb5d2c47a","route":"shared_auth","role":"unknown","operationName":"cached_auth_helper","phase":"authenticated_user_lookup","durationMs":240.82,"status":"success"}
{"type":"perf_timing","timestamp":"2026-07-28T17:55:39.747Z","operationId":"ef9c3f14-2c8a-40e0-8a85-bcd863aa5ea4","route":"/dashboard","role":"customer","operationName":"customer_dashboard_page","phase":"customer_dashboard_identity_preparation","durationMs":241.34,"status":"success"}
{"type":"perf_timing","timestamp":"2026-07-28T17:55:39.748Z","operationId":"f303ac43-ce1c-4adb-9b97-7a9444d19720","route":"/dashboard/layout","role":"customer","operationName":"customer_dashboard_layout","phase":"authenticated_user_lookup","durationMs":241.53,"status":"success"}
{"type":"perf_timing","timestamp":"2026-07-28T17:55:40.080Z","operationId":"0ba20539-5ab9-4bee-80f1-0ef202dbaf0a","route":"shared_profile","role":"customer","operationName":"cached_profile_helper","phase":"profile_query_dashboard","durationMs":329.51,"status":"success","rowCount":1}
{"type":"perf_timing","timestamp":"2026-07-28T17:55:40.080Z","operationId":"ef9c3f14-2c8a-40e0-8a85-bcd863aa5ea4","route":"/dashboard","role":"customer","operationName":"customer_dashboard_page","phase":"customer_dashboard_profile_preparation","durationMs":331.95,"status":"success","rowCount":1}
{"type":"perf_timing","timestamp":"2026-07-28T17:55:40.082Z","operationId":"f303ac43-ce1c-4adb-9b97-7a9444d19720","route":"/dashboard/layout","role":"customer","operationName":"customer_dashboard_layout","phase":"profile_block_time_parallel_group","durationMs":333.82,"status":"success","rowCount":1}
{"type":"perf_timing","timestamp":"2026-07-28T17:55:40.083Z","operationId":"f303ac43-ce1c-4adb-9b97-7a9444d19720","route":"/dashboard/layout","role":"customer","operationName":"customer_dashboard_layout","phase":"total_layout_preparation","durationMs":578.75,"status":"success"}
{"type":"perf_timing","timestamp":"2026-07-28T17:55:40.487Z","operationId":"ef9c3f14-2c8a-40e0-8a85-bcd863aa5ea4","route":"/dashboard","role":"customer","operationName":"customer_dashboard_page","phase":"customer_dashboard_login_tracking","durationMs":406.56,"status":"success"}
{"type":"perf_timing","timestamp":"2026-07-28T17:55:40.490Z","operationId":"ef9c3f14-2c8a-40e0-8a85-bcd863aa5ea4","route":"/dashboard","role":"customer","operationName":"customer_dashboard_page","phase":"customer_dashboard_block_time_group","durationMs":407.85,"status":"success","rowCount":4}
{"type":"perf_timing","timestamp":"2026-07-28T17:55:40.492Z","operationId":"ef9c3f14-2c8a-40e0-8a85-bcd863aa5ea4","route":"/dashboard","role":"customer","operationName":"customer_dashboard_page","phase":"customer_dashboard_readiness_query_group","durationMs":410.25,"status":"success","rowCount":3}
{"type":"perf_timing","timestamp":"2026-07-28T17:55:40.493Z","operationId":"ef9c3f14-2c8a-40e0-8a85-bcd863aa5ea4","route":"/dashboard","role":"customer","operationName":"customer_dashboard_page","phase":"customer_dashboard_primary_query_group","durationMs":412.41,"status":"success"}
{"type":"perf_timing","timestamp":"2026-07-28T17:55:40.647Z","operationId":"ef9c3f14-2c8a-40e0-8a85-bcd863aa5ea4","route":"/dashboard","role":"customer","operationName":"customer_dashboard_page","phase":"customer_dashboard_manual_checkout_clearance_lookup","durationMs":565.71,"status":"success"}
{"type":"perf_timing","timestamp":"2026-07-28T17:55:40.843Z","operationId":"ef9c3f14-2c8a-40e0-8a85-bcd863aa5ea4","route":"/dashboard","role":"customer","operationName":"customer_dashboard_page","phase":"customer_dashboard_readiness_fallbacks","durationMs":195.61,"status":"success","rowCount":4}
{"type":"perf_timing","timestamp":"2026-07-28T17:55:40.879Z","operationId":"ef9c3f14-2c8a-40e0-8a85-bcd863aa5ea4","route":"/dashboard","role":"customer","operationName":"customer_dashboard_page","phase":"customer_dashboard_summary_preparation","durationMs":36.04,"status":"success"}
{"type":"perf_timing","timestamp":"2026-07-28T17:55:40.880Z","operationId":"ef9c3f14-2c8a-40e0-8a85-bcd863aa5ea4","route":"/dashboard","role":"customer","operationName":"customer_dashboard_page","phase":"customer_dashboard_total_server_page_preparation","durationMs":1376.18,"status":"success"}
[dashboard/documents] activeTermsResult {
  data: {
    id: '861ac297-769b-4583-9e8a-f1d9dbaedb79',
    version: '1.0',
    public_url: 'https://grkwzsrqpzkviihxlzwu.supabase.co/storage/v1/object/public/legal-documents/terms-and-conditions/booking-terms-v1.pdf/JAM-Aviation-Rental-Agreement.pdf',
    content_hash: 'e9a6e66fee4f46e0863386287c3747b39a27454d49a55638210e99c31bf06c45',
    is_active: true,
    created_at: '2026-05-10T00:03:23.915827+00:00',
    effective_from: '2026-05-10T00:03:23.915827+00:00'
  },
  error: null
}
[dashboard/documents] activeTerms {
  id: '861ac297-769b-4583-9e8a-f1d9dbaedb79',
  version: '1.0',
  public_url: 'https://grkwzsrqpzkviihxlzwu.supabase.co/storage/v1/object/public/legal-documents/terms-and-conditions/booking-terms-v1.pdf/JAM-Aviation-Rental-Agreement.pdf',
  content_hash: 'e9a6e66fee4f46e0863386287c3747b39a27454d49a55638210e99c31bf06c45'
}
[dashboard/documents] latestTermsAcceptance {
  terms_document_id: '861ac297-769b-4583-9e8a-f1d9dbaedb79',
  terms_version: '1.0',
  terms_content_hash: 'e9a6e66fee4f46e0863386287c3747b39a27454d49a55638210e99c31bf06c45',
  accepted_at: '2026-07-28T17:00:55.03+00:00'
}
[dashboard/documents] currentTermsAccepted true
[dashboard/documents] termsAcceptedAt prop 2026-07-28T17:00:55.03+00:00
{"type":"perf_timing","timestamp":"2026-07-28T17:55:47.775Z","operationId":"703de391-510e-4845-88e5-f1d92306d16c","route":"shared_auth","role":"unknown","operationName":"cached_auth_helper","phase":"authenticated_user_lookup","durationMs":178.12,"status":"success"}
{"type":"perf_timing","timestamp":"2026-07-28T17:55:47.775Z","operationId":"80aefcba-7b9c-4318-a1a3-db0f12eaeaf5","route":"/dashboard","role":"customer","operationName":"customer_dashboard_page","phase":"customer_dashboard_identity_preparation","durationMs":178.85,"status":"success"}
{"type":"perf_timing","timestamp":"2026-07-28T17:55:47.775Z","operationId":"832b9e3e-dbe0-41f8-adc8-a3249073d686","route":"/dashboard/layout","role":"customer","operationName":"customer_dashboard_layout","phase":"authenticated_user_lookup","durationMs":178.81,"status":"success"}
{"type":"perf_timing","timestamp":"2026-07-28T17:55:47.965Z","operationId":"68466621-446c-4154-b935-0c06f8fdb9b0","route":"shared_profile","role":"customer","operationName":"cached_profile_helper","phase":"profile_query_dashboard","durationMs":189.15,"status":"success","rowCount":1}
{"type":"perf_timing","timestamp":"2026-07-28T17:55:47.966Z","operationId":"80aefcba-7b9c-4318-a1a3-db0f12eaeaf5","route":"/dashboard","role":"customer","operationName":"customer_dashboard_page","phase":"customer_dashboard_profile_preparation","durationMs":190.62,"status":"success","rowCount":1}
{"type":"perf_timing","timestamp":"2026-07-28T17:55:47.968Z","operationId":"832b9e3e-dbe0-41f8-adc8-a3249073d686","route":"/dashboard/layout","role":"customer","operationName":"customer_dashboard_layout","phase":"profile_block_time_parallel_group","durationMs":193.14,"status":"success","rowCount":1}
{"type":"perf_timing","timestamp":"2026-07-28T17:55:47.971Z","operationId":"832b9e3e-dbe0-41f8-adc8-a3249073d686","route":"/dashboard/layout","role":"customer","operationName":"customer_dashboard_layout","phase":"total_layout_preparation","durationMs":376.55,"status":"success"}
{"type":"perf_timing","timestamp":"2026-07-28T17:55:48.247Z","operationId":"80aefcba-7b9c-4318-a1a3-db0f12eaeaf5","route":"/dashboard","role":"customer","operationName":"customer_dashboard_page","phase":"customer_dashboard_primary_query_group","durationMs":281.65,"status":"success"}
{"type":"perf_timing","timestamp":"2026-07-28T17:55:48.250Z","operationId":"80aefcba-7b9c-4318-a1a3-db0f12eaeaf5","route":"/dashboard","role":"customer","operationName":"customer_dashboard_page","phase":"customer_dashboard_readiness_query_group","durationMs":281.55,"status":"success","rowCount":3}
{"type":"perf_timing","timestamp":"2026-07-28T17:55:48.250Z","operationId":"80aefcba-7b9c-4318-a1a3-db0f12eaeaf5","route":"/dashboard","role":"customer","operationName":"customer_dashboard_page","phase":"customer_dashboard_block_time_group","durationMs":282.2,"status":"success","rowCount":4}
{"type":"perf_timing","timestamp":"2026-07-28T17:55:48.397Z","operationId":"80aefcba-7b9c-4318-a1a3-db0f12eaeaf5","route":"/dashboard","role":"customer","operationName":"customer_dashboard_page","phase":"customer_dashboard_manual_checkout_clearance_lookup","durationMs":430.45,"status":"success"}
{"type":"perf_timing","timestamp":"2026-07-28T17:55:48.584Z","operationId":"80aefcba-7b9c-4318-a1a3-db0f12eaeaf5","route":"/dashboard","role":"customer","operationName":"customer_dashboard_page","phase":"customer_dashboard_readiness_fallbacks","durationMs":185.84,"status":"success","rowCount":4}
{"type":"perf_timing","timestamp":"2026-07-28T17:55:48.585Z","operationId":"80aefcba-7b9c-4318-a1a3-db0f12eaeaf5","route":"/dashboard","role":"customer","operationName":"customer_dashboard_page","phase":"customer_dashboard_summary_preparation","durationMs":0.53,"status":"success"}
{"type":"perf_timing","timestamp":"2026-07-28T17:55:48.585Z","operationId":"80aefcba-7b9c-4318-a1a3-db0f12eaeaf5","route":"/dashboard","role":"customer","operationName":"customer_dashboard_page","phase":"customer_dashboard_total_server_page_preparation","durationMs":991.13,"status":"success"}
{"type":"perf_timing","timestamp":"2026-07-28T17:55:52.760Z","operationId":"d2eafe88-60e3-4c30-bee6-b49ed15f994b","route":"shared_auth","role":"unknown","operationName":"cached_auth_helper","phase":"authenticated_user_lookup","durationMs":176.92,"status":"success"}
{"type":"perf_timing","timestamp":"2026-07-28T17:55:52.761Z","operationId":"b9f6772d-783d-4211-8de6-5470a883099d","route":"/dashboard/layout","role":"customer","operationName":"customer_dashboard_layout","phase":"authenticated_user_lookup","durationMs":177.32,"status":"success"}
{"type":"perf_timing","timestamp":"2026-07-28T17:55:53.024Z","operationId":"ff9cd839-d10f-49a6-a6ed-32d75563fd2e","route":"shared_profile","role":"customer","operationName":"cached_profile_helper","phase":"profile_query_dashboard","durationMs":263.03,"status":"success","rowCount":1}
{"type":"perf_timing","timestamp":"2026-07-28T17:55:53.024Z","operationId":"b9f6772d-783d-4211-8de6-5470a883099d","route":"/dashboard/layout","role":"customer","operationName":"customer_dashboard_layout","phase":"profile_block_time_parallel_group","durationMs":263.47,"status":"success","rowCount":1}
{"type":"perf_timing","timestamp":"2026-07-28T17:55:53.024Z","operationId":"b9f6772d-783d-4211-8de6-5470a883099d","route":"/dashboard/layout","role":"customer","operationName":"customer_dashboard_layout","phase":"total_layout_preparation","durationMs":442.15,"status":"success"}
{"type":"perf_timing","timestamp":"2026-07-28T17:55:57.021Z","operationId":"f1c0b8a9-fddd-40eb-96fb-dddac971b2de","route":"shared_auth","role":"unknown","operationName":"cached_auth_helper","phase":"authenticated_user_lookup","durationMs":175.6,"status":"success"}
{"type":"perf_timing","timestamp":"2026-07-28T17:55:57.022Z","operationId":"6323fa9c-025a-42ee-b7bd-54d4bf8f610f","route":"/dashboard","role":"customer","operationName":"customer_dashboard_page","phase":"customer_dashboard_identity_preparation","durationMs":176.27,"status":"success"}
{"type":"perf_timing","timestamp":"2026-07-28T17:55:57.022Z","operationId":"0c1fa68e-9e7e-441e-a2f2-810617bdc3ce","route":"/dashboard/layout","role":"customer","operationName":"customer_dashboard_layout","phase":"authenticated_user_lookup","durationMs":176.09,"status":"success"}
{"type":"perf_timing","timestamp":"2026-07-28T17:55:57.210Z","operationId":"2fd9069c-5688-40a3-af13-9999e4035e5c","route":"shared_profile","role":"customer","operationName":"cached_profile_helper","phase":"profile_query_dashboard","durationMs":188.07,"status":"success","rowCount":1}
{"type":"perf_timing","timestamp":"2026-07-28T17:55:57.210Z","operationId":"6323fa9c-025a-42ee-b7bd-54d4bf8f610f","route":"/dashboard","role":"customer","operationName":"customer_dashboard_page","phase":"customer_dashboard_profile_preparation","durationMs":188.63,"status":"success","rowCount":1}
{"type":"perf_timing","timestamp":"2026-07-28T17:55:57.211Z","operationId":"0c1fa68e-9e7e-441e-a2f2-810617bdc3ce","route":"/dashboard/layout","role":"customer","operationName":"customer_dashboard_layout","phase":"profile_block_time_parallel_group","durationMs":189.43,"status":"success","rowCount":1}
{"type":"perf_timing","timestamp":"2026-07-28T17:55:57.211Z","operationId":"0c1fa68e-9e7e-441e-a2f2-810617bdc3ce","route":"/dashboard/layout","role":"customer","operationName":"customer_dashboard_layout","phase":"total_layout_preparation","durationMs":367,"status":"success"}
{"type":"perf_timing","timestamp":"2026-07-28T17:55:57.476Z","operationId":"6323fa9c-025a-42ee-b7bd-54d4bf8f610f","route":"/dashboard","role":"customer","operationName":"customer_dashboard_page","phase":"customer_dashboard_readiness_query_group","durationMs":264.66,"status":"success","rowCount":3}
{"type":"perf_timing","timestamp":"2026-07-28T17:55:57.483Z","operationId":"6323fa9c-025a-42ee-b7bd-54d4bf8f610f","route":"/dashboard","role":"customer","operationName":"customer_dashboard_page","phase":"customer_dashboard_primary_query_group","durationMs":273.24,"status":"success"}
{"type":"perf_timing","timestamp":"2026-07-28T17:55:57.494Z","operationId":"6323fa9c-025a-42ee-b7bd-54d4bf8f610f","route":"/dashboard","role":"customer","operationName":"customer_dashboard_page","phase":"customer_dashboard_block_time_group","durationMs":283.21,"status":"success","rowCount":4}
{"type":"perf_timing","timestamp":"2026-07-28T17:55:57.610Z","operationId":"6323fa9c-025a-42ee-b7bd-54d4bf8f610f","route":"/dashboard","role":"customer","operationName":"customer_dashboard_page","phase":"customer_dashboard_manual_checkout_clearance_lookup","durationMs":399.11,"status":"success"}
{"type":"perf_timing","timestamp":"2026-07-28T17:55:57.768Z","operationId":"6323fa9c-025a-42ee-b7bd-54d4bf8f610f","route":"/dashboard","role":"customer","operationName":"customer_dashboard_page","phase":"customer_dashboard_readiness_fallbacks","durationMs":157.61,"status":"success","rowCount":4}
{"type":"perf_timing","timestamp":"2026-07-28T17:55:57.768Z","operationId":"6323fa9c-025a-42ee-b7bd-54d4bf8f610f","route":"/dashboard","role":"customer","operationName":"customer_dashboard_page","phase":"customer_dashboard_summary_preparation","durationMs":0.45,"status":"success"}
{"type":"perf_timing","timestamp":"2026-07-28T17:55:57.769Z","operationId":"6323fa9c-025a-42ee-b7bd-54d4bf8f610f","route":"/dashboard","role":"customer","operationName":"customer_dashboard_page","phase":"customer_dashboard_total_server_page_preparation","durationMs":924.39,"status":"success"}
{"type":"perf_timing","timestamp":"2026-07-28T17:56:04.837Z","operationId":"5f129b01-a117-413a-ba92-6662b5e6dc77","route":"shared_auth","role":"unknown","operationName":"cached_auth_helper","phase":"authenticated_user_lookup","durationMs":215.23,"status":"success"}
{"type":"perf_timing","timestamp":"2026-07-28T17:56:04.837Z","operationId":"3622d831-4287-44c5-9272-fcc216963f0c","route":"/dashboard","role":"customer","operationName":"customer_dashboard_page","phase":"customer_dashboard_identity_preparation","durationMs":215.66,"status":"success"}
{"type":"perf_timing","timestamp":"2026-07-28T17:56:04.837Z","operationId":"1c8739f1-1800-4635-abf4-e34498c36b32","route":"/dashboard/layout","role":"customer","operationName":"customer_dashboard_layout","phase":"authenticated_user_lookup","durationMs":215.66,"status":"success"}
{"type":"perf_timing","timestamp":"2026-07-28T17:56:05.042Z","operationId":"d4d1840f-bfe1-4e91-b5d3-64663f10de17","route":"shared_profile","role":"customer","operationName":"cached_profile_helper","phase":"profile_query_dashboard","durationMs":204.43,"status":"success","rowCount":1}
{"type":"perf_timing","timestamp":"2026-07-28T17:56:05.042Z","operationId":"3622d831-4287-44c5-9272-fcc216963f0c","route":"/dashboard","role":"customer","operationName":"customer_dashboard_page","phase":"customer_dashboard_profile_preparation","durationMs":204.95,"status":"success","rowCount":1}
{"type":"perf_timing","timestamp":"2026-07-28T17:56:05.043Z","operationId":"1c8739f1-1800-4635-abf4-e34498c36b32","route":"/dashboard/layout","role":"customer","operationName":"customer_dashboard_layout","phase":"profile_block_time_parallel_group","durationMs":205.74,"status":"success","rowCount":1}
{"type":"perf_timing","timestamp":"2026-07-28T17:56:05.043Z","operationId":"1c8739f1-1800-4635-abf4-e34498c36b32","route":"/dashboard/layout","role":"customer","operationName":"customer_dashboard_layout","phase":"total_layout_preparation","durationMs":422.58,"status":"success"}
{"type":"perf_timing","timestamp":"2026-07-28T17:56:05.274Z","operationId":"3622d831-4287-44c5-9272-fcc216963f0c","route":"/dashboard","role":"customer","operationName":"customer_dashboard_page","phase":"customer_dashboard_primary_query_group","durationMs":231.56,"status":"success"}
{"type":"perf_timing","timestamp":"2026-07-28T17:56:05.275Z","operationId":"3622d831-4287-44c5-9272-fcc216963f0c","route":"/dashboard","role":"customer","operationName":"customer_dashboard_page","phase":"customer_dashboard_readiness_query_group","durationMs":232.03,"status":"success","rowCount":3}
{"type":"perf_timing","timestamp":"2026-07-28T17:56:05.275Z","operationId":"3622d831-4287-44c5-9272-fcc216963f0c","route":"/dashboard","role":"customer","operationName":"customer_dashboard_page","phase":"customer_dashboard_block_time_group","durationMs":232.1,"status":"success","rowCount":4}
{"type":"perf_timing","timestamp":"2026-07-28T17:56:05.411Z","operationId":"3622d831-4287-44c5-9272-fcc216963f0c","route":"/dashboard","role":"customer","operationName":"customer_dashboard_page","phase":"customer_dashboard_manual_checkout_clearance_lookup","durationMs":368.32,"status":"success"}
{"type":"perf_timing","timestamp":"2026-07-28T17:56:05.573Z","operationId":"3622d831-4287-44c5-9272-fcc216963f0c","route":"/dashboard","role":"customer","operationName":"customer_dashboard_page","phase":"customer_dashboard_readiness_fallbacks","durationMs":161.68,"status":"success","rowCount":4}
{"type":"perf_timing","timestamp":"2026-07-28T17:56:05.573Z","operationId":"3622d831-4287-44c5-9272-fcc216963f0c","route":"/dashboard","role":"customer","operationName":"customer_dashboard_page","phase":"customer_dashboard_summary_preparation","durationMs":0.45,"status":"success"}
{"type":"perf_timing","timestamp":"2026-07-28T17:56:05.574Z","operationId":"3622d831-4287-44c5-9272-fcc216963f0c","route":"/dashboard","role":"customer","operationName":"customer_dashboard_page","phase":"customer_dashboard_total_server_page_preparation","durationMs":953.04,"status":"success"}
{"type":"perf_timing","timestamp":"2026-07-28T17:56:12.639Z","operationId":"62c305f1-0d97-4b08-a5f8-ad1ba606c6c2","route":"shared_auth","role":"unknown","operationName":"cached_auth_helper","phase":"authenticated_user_lookup","durationMs":382.39,"status":"success"}
{"type":"perf_timing","timestamp":"2026-07-28T17:56:12.639Z","operationId":"ccb9e12e-3b33-41fa-a4ac-8881644bfab6","route":"/dashboard","role":"customer","operationName":"customer_dashboard_page","phase":"customer_dashboard_identity_preparation","durationMs":382.83,"status":"success"}
{"type":"perf_timing","timestamp":"2026-07-28T17:56:12.639Z","operationId":"38a40b5e-1a98-4af4-8178-28d1acbf3400","route":"/dashboard/layout","role":"customer","operationName":"customer_dashboard_layout","phase":"authenticated_user_lookup","durationMs":382.82,"status":"success"}
{"type":"perf_timing","timestamp":"2026-07-28T17:56:12.834Z","operationId":"650644fc-5a9c-41d6-a5d8-547928729598","route":"shared_profile","role":"customer","operationName":"cached_profile_helper","phase":"profile_query_dashboard","durationMs":194.52,"status":"success","rowCount":1}
{"type":"perf_timing","timestamp":"2026-07-28T17:56:12.834Z","operationId":"ccb9e12e-3b33-41fa-a4ac-8881644bfab6","route":"/dashboard","role":"customer","operationName":"customer_dashboard_page","phase":"customer_dashboard_profile_preparation","durationMs":195.15,"status":"success","rowCount":1}
{"type":"perf_timing","timestamp":"2026-07-28T17:56:12.835Z","operationId":"38a40b5e-1a98-4af4-8178-28d1acbf3400","route":"/dashboard/layout","role":"customer","operationName":"customer_dashboard_layout","phase":"profile_block_time_parallel_group","durationMs":196.59,"status":"success","rowCount":1}
{"type":"perf_timing","timestamp":"2026-07-28T17:56:12.836Z","operationId":"38a40b5e-1a98-4af4-8178-28d1acbf3400","route":"/dashboard/layout","role":"customer","operationName":"customer_dashboard_layout","phase":"total_layout_preparation","durationMs":580.6,"status":"success"}
{"type":"perf_timing","timestamp":"2026-07-28T17:56:13.107Z","operationId":"ccb9e12e-3b33-41fa-a4ac-8881644bfab6","route":"/dashboard","role":"customer","operationName":"customer_dashboard_page","phase":"customer_dashboard_block_time_group","durationMs":271.62,"status":"success","rowCount":4}
{"type":"perf_timing","timestamp":"2026-07-28T17:56:13.107Z","operationId":"ccb9e12e-3b33-41fa-a4ac-8881644bfab6","route":"/dashboard","role":"customer","operationName":"customer_dashboard_page","phase":"customer_dashboard_readiness_query_group","durationMs":272.09,"status":"success","rowCount":3}
{"type":"perf_timing","timestamp":"2026-07-28T17:56:13.221Z","operationId":"ccb9e12e-3b33-41fa-a4ac-8881644bfab6","route":"/dashboard","role":"customer","operationName":"customer_dashboard_page","phase":"customer_dashboard_manual_checkout_clearance_lookup","durationMs":386.45,"status":"success"}
{"type":"perf_timing","timestamp":"2026-07-28T17:56:13.539Z","operationId":"ccb9e12e-3b33-41fa-a4ac-8881644bfab6","route":"/dashboard","role":"customer","operationName":"customer_dashboard_page","phase":"customer_dashboard_primary_query_group","durationMs":705.39,"status":"success"}
{"type":"perf_timing","timestamp":"2026-07-28T17:56:13.702Z","operationId":"ccb9e12e-3b33-41fa-a4ac-8881644bfab6","route":"/dashboard","role":"customer","operationName":"customer_dashboard_page","phase":"customer_dashboard_readiness_fallbacks","durationMs":162.44,"status":"success","rowCount":4}
{"type":"perf_timing","timestamp":"2026-07-28T17:56:13.703Z","operationId":"ccb9e12e-3b33-41fa-a4ac-8881644bfab6","route":"/dashboard","role":"customer","operationName":"customer_dashboard_page","phase":"customer_dashboard_summary_preparation","durationMs":0.54,"status":"success"}
{"type":"perf_timing","timestamp":"2026-07-28T17:56:13.703Z","operationId":"ccb9e12e-3b33-41fa-a4ac-8881644bfab6","route":"/dashboard","role":"customer","operationName":"customer_dashboard_page","phase":"customer_dashboard_total_server_page_preparation","durationMs":1448.13,"status":"success"}
{"type":"perf_timing","timestamp":"2026-07-28T17:56:22.688Z","operationId":"4798fff0-d1b8-41d7-a995-5862a7d4c823","route":"shared_auth","role":"unknown","operationName":"cached_auth_helper","phase":"authenticated_user_lookup","durationMs":158.55,"status":"success"}
{"type":"perf_timing","timestamp":"2026-07-28T17:56:22.688Z","operationId":"1ff61a58-e506-4012-bab7-95d97d69e339","route":"/dashboard","role":"customer","operationName":"customer_dashboard_page","phase":"customer_dashboard_identity_preparation","durationMs":158.96,"status":"success"}
{"type":"perf_timing","timestamp":"2026-07-28T17:56:22.689Z","operationId":"659b4809-a161-4057-b8fc-554c76921761","route":"/dashboard/layout","role":"customer","operationName":"customer_dashboard_layout","phase":"authenticated_user_lookup","durationMs":158.95,"status":"success"}
{"type":"perf_timing","timestamp":"2026-07-28T17:56:22.866Z","operationId":"95260b1e-5d0e-4b9f-a123-1a286732911c","route":"shared_profile","role":"customer","operationName":"cached_profile_helper","phase":"profile_query_dashboard","durationMs":176.98,"status":"success","rowCount":1}
{"type":"perf_timing","timestamp":"2026-07-28T17:56:22.866Z","operationId":"1ff61a58-e506-4012-bab7-95d97d69e339","route":"/dashboard","role":"customer","operationName":"customer_dashboard_page","phase":"customer_dashboard_profile_preparation","durationMs":177.45,"status":"success","rowCount":1}
{"type":"perf_timing","timestamp":"2026-07-28T17:56:22.867Z","operationId":"659b4809-a161-4057-b8fc-554c76921761","route":"/dashboard/layout","role":"customer","operationName":"customer_dashboard_layout","phase":"profile_block_time_parallel_group","durationMs":178.1,"status":"success","rowCount":1}
{"type":"perf_timing","timestamp":"2026-07-28T17:56:22.867Z","operationId":"659b4809-a161-4057-b8fc-554c76921761","route":"/dashboard/layout","role":"customer","operationName":"customer_dashboard_layout","phase":"total_layout_preparation","durationMs":338.06,"status":"success"}
{"type":"perf_timing","timestamp":"2026-07-28T17:56:23.092Z","operationId":"1ff61a58-e506-4012-bab7-95d97d69e339","route":"/dashboard","role":"customer","operationName":"customer_dashboard_page","phase":"customer_dashboard_block_time_group","durationMs":225.38,"status":"success","rowCount":4}
{"type":"perf_timing","timestamp":"2026-07-28T17:56:23.102Z","operationId":"1ff61a58-e506-4012-bab7-95d97d69e339","route":"/dashboard","role":"customer","operationName":"customer_dashboard_page","phase":"customer_dashboard_readiness_query_group","durationMs":235.07,"status":"success","rowCount":3}
{"type":"perf_timing","timestamp":"2026-07-28T17:56:23.102Z","operationId":"1ff61a58-e506-4012-bab7-95d97d69e339","route":"/dashboard","role":"customer","operationName":"customer_dashboard_page","phase":"customer_dashboard_primary_query_group","durationMs":235.82,"status":"success"}
{"type":"perf_timing","timestamp":"2026-07-28T17:56:23.259Z","operationId":"1ff61a58-e506-4012-bab7-95d97d69e339","route":"/dashboard","role":"customer","operationName":"customer_dashboard_page","phase":"customer_dashboard_manual_checkout_clearance_lookup","durationMs":392.33,"status":"success"}
{"type":"perf_timing","timestamp":"2026-07-28T17:56:23.421Z","operationId":"1ff61a58-e506-4012-bab7-95d97d69e339","route":"/dashboard","role":"customer","operationName":"customer_dashboard_page","phase":"customer_dashboard_readiness_fallbacks","durationMs":161.71,"status":"success","rowCount":4}
{"type":"perf_timing","timestamp":"2026-07-28T17:56:23.421Z","operationId":"1ff61a58-e506-4012-bab7-95d97d69e339","route":"/dashboard","role":"customer","operationName":"customer_dashboard_page","phase":"customer_dashboard_summary_preparation","durationMs":0.5,"status":"success"}
{"type":"perf_timing","timestamp":"2026-07-28T17:56:23.422Z","operationId":"1ff61a58-e506-4012-bab7-95d97d69e339","route":"/dashboard","role":"customer","operationName":"customer_dashboard_page","phase":"customer_dashboard_total_server_page_preparation","durationMs":892.68,"status":"success"}
