
> ozrentaplane@0.1.0 start
> next start

  ▲ Next.js 14.2.35
  - Local:        http://localhost:3000

 ✓ Starting...
 ✓ Ready in 224ms
{"type":"perf_timing","timestamp":"2026-07-28T17:17:21.502Z","operationId":"dbe0b478-e580-48b2-a8f0-077ad42dd1e6","route":"shared_auth","role":"unknown","operationName":"cached_auth_helper","phase":"authenticated_user_lookup","durationMs":263.32,"status":"success"}
{"type":"perf_timing","timestamp":"2026-07-28T17:17:21.502Z","operationId":"50e5d5d1-a0ea-4c90-b313-e1ca6202a176","route":"/admin","role":"admin","operationName":"admin_home","phase":"identity_preparation","durationMs":263.82,"status":"success"}
{"type":"perf_timing","timestamp":"2026-07-28T17:17:21.656Z","operationId":"bd7fbfbe-be86-41d3-80e1-75ad3307c463","route":"shared_auth","role":"unknown","operationName":"cached_auth_helper","phase":"authenticated_user_lookup","durationMs":167.07,"status":"success"}
{"type":"perf_timing","timestamp":"2026-07-28T17:17:21.656Z","operationId":"97fd0480-594d-4758-87cc-ff1a62793985","route":"/admin/layout","role":"admin","operationName":"admin_layout","phase":"authenticated_user_lookup","durationMs":169.83,"status":"success"}
{"type":"perf_timing","timestamp":"2026-07-28T17:17:21.656Z","operationId":"c3eaf84c-6979-44e9-ac00-9c361c4f8c1d","route":"/admin","role":"admin","operationName":"admin_home","phase":"identity_preparation","durationMs":167.43,"status":"success"}
{"type":"perf_timing","timestamp":"2026-07-28T17:17:22.142Z","operationId":"4252d774-16e5-4240-b8e0-3e3781cde802","route":"shared_profile","role":"admin","operationName":"cached_profile_helper","phase":"profile_query_admin","durationMs":639.47,"status":"success","rowCount":1}
{"type":"perf_timing","timestamp":"2026-07-28T17:17:22.142Z","operationId":"50e5d5d1-a0ea-4c90-b313-e1ca6202a176","route":"/admin","role":"admin","operationName":"admin_home","phase":"profile_preparation","durationMs":640.16,"status":"success","rowCount":1}
{"type":"perf_timing","timestamp":"2026-07-28T17:17:22.186Z","operationId":"3a1cdf5c-42f2-4c88-a339-ddd7dbbcd2da","route":"shared_profile","role":"admin","operationName":"cached_profile_helper","phase":"profile_query_admin","durationMs":529.04,"status":"success","rowCount":1}
{"type":"perf_timing","timestamp":"2026-07-28T17:17:22.186Z","operationId":"97fd0480-594d-4758-87cc-ff1a62793985","route":"/admin/layout","role":"admin","operationName":"admin_layout","phase":"profile_role_lookup","durationMs":529.62,"status":"success","rowCount":1}
{"type":"perf_timing","timestamp":"2026-07-28T17:17:22.186Z","operationId":"c3eaf84c-6979-44e9-ac00-9c361c4f8c1d","route":"/admin","role":"admin","operationName":"admin_home","phase":"profile_preparation","durationMs":529.57,"status":"success","rowCount":1}
{"type":"perf_timing","timestamp":"2026-07-28T17:17:22.186Z","operationId":"97fd0480-594d-4758-87cc-ff1a62793985","route":"/admin/layout","role":"admin","operationName":"admin_layout","phase":"admin_shell_authorization_preparation","durationMs":699.67,"status":"success"}
{"type":"perf_timing","timestamp":"2026-07-28T17:17:22.186Z","operationId":"97fd0480-594d-4758-87cc-ff1a62793985","route":"/admin/layout","role":"admin","operationName":"admin_layout","phase":"total_blocking_admin_layout_preparation","durationMs":699.69,"status":"success"}
[admin command board] "checkout cancel rows" query failed: column checkout_change_requests.customer_message does not exist
[admin command board] "checkout reschedule rows" query failed: column checkout_change_requests.customer_message does not exist
[admin command board] "checkout cancel rows" query failed: column checkout_change_requests.customer_message does not exist
[admin command board] "checkout reschedule rows" query failed: column checkout_change_requests.customer_message does not exist
{"type":"perf_timing","timestamp":"2026-07-28T17:17:22.839Z","operationId":"0bc23885-1cbe-47ee-ad9a-a83e1d476a42","route":"/admin/layout/counts","role":"admin","operationName":"admin_layout","phase":"admin_operational_counts_query_group","durationMs":631.51,"status":"success"}
{"type":"perf_timing","timestamp":"2026-07-28T17:17:22.839Z","operationId":"0bc23885-1cbe-47ee-ad9a-a83e1d476a42","route":"/admin/layout/counts","role":"admin","operationName":"admin_layout","phase":"dependent_second_query_group","durationMs":0.11,"status":"success","rowCount":0}
{"type":"perf_timing","timestamp":"2026-07-28T17:17:22.840Z","operationId":"0bc23885-1cbe-47ee-ad9a-a83e1d476a42","route":"/admin/layout/counts","role":"admin","operationName":"admin_layout","phase":"admin_operational_counts_total","durationMs":632.65,"status":"success"}
{"type":"perf_timing","timestamp":"2026-07-28T17:17:22.841Z","operationId":"50e5d5d1-a0ea-4c90-b313-e1ca6202a176","route":"/admin","role":"admin","operationName":"admin_home","phase":"main_parallel_query_group","durationMs":698.44,"status":"success"}
{"type":"perf_timing","timestamp":"2026-07-28T17:17:22.851Z","operationId":"c3eaf84c-6979-44e9-ac00-9c361c4f8c1d","route":"/admin","role":"admin","operationName":"admin_home","phase":"main_parallel_query_group","durationMs":664.69,"status":"success"}
{"type":"perf_timing","timestamp":"2026-07-28T17:17:23.017Z","operationId":"50e5d5d1-a0ea-4c90-b313-e1ca6202a176","route":"/admin","role":"admin","operationName":"admin_home","phase":"sequential_owner_profile_group","durationMs":176.23,"status":"success","rowCount":12}
{"type":"perf_timing","timestamp":"2026-07-28T17:17:23.017Z","operationId":"50e5d5d1-a0ea-4c90-b313-e1ca6202a176","route":"/admin","role":"admin","operationName":"admin_home","phase":"sequential_document_review_booking_group","durationMs":0.09,"status":"success","rowCount":0}
{"type":"perf_timing","timestamp":"2026-07-28T17:17:23.018Z","operationId":"50e5d5d1-a0ea-4c90-b313-e1ca6202a176","route":"/admin","role":"admin","operationName":"admin_home","phase":"sequential_booking_invoice_group","durationMs":0.06,"status":"success","rowCount":0}
{"type":"perf_timing","timestamp":"2026-07-28T17:17:23.018Z","operationId":"50e5d5d1-a0ea-4c90-b313-e1ca6202a176","route":"/admin","role":"admin","operationName":"admin_home","phase":"sequential_booking_bank_transfer_group","durationMs":0.12,"status":"success","rowCount":0}
{"type":"perf_timing","timestamp":"2026-07-28T17:17:23.018Z","operationId":"50e5d5d1-a0ea-4c90-b313-e1ca6202a176","route":"/admin","role":"admin","operationName":"admin_home","phase":"dashboard_metric_preparation","durationMs":0.07,"status":"success"}
{"type":"perf_timing","timestamp":"2026-07-28T17:17:23.019Z","operationId":"50e5d5d1-a0ea-4c90-b313-e1ca6202a176","route":"/admin","role":"admin","operationName":"admin_home","phase":"queue_action_feed_preparation","durationMs":0,"status":"success","rowCount":8}
{"type":"perf_timing","timestamp":"2026-07-28T17:17:23.019Z","operationId":"50e5d5d1-a0ea-4c90-b313-e1ca6202a176","route":"/admin","role":"admin","operationName":"admin_home","phase":"total_server_page_preparation","durationMs":1785.99,"status":"success","rowCount":8}
{"type":"perf_timing","timestamp":"2026-07-28T17:17:23.036Z","operationId":"c3eaf84c-6979-44e9-ac00-9c361c4f8c1d","route":"/admin","role":"admin","operationName":"admin_home","phase":"sequential_owner_profile_group","durationMs":184.84,"status":"success","rowCount":12}
{"type":"perf_timing","timestamp":"2026-07-28T17:17:23.036Z","operationId":"c3eaf84c-6979-44e9-ac00-9c361c4f8c1d","route":"/admin","role":"admin","operationName":"admin_home","phase":"sequential_document_review_booking_group","durationMs":0.02,"status":"success","rowCount":0}
{"type":"perf_timing","timestamp":"2026-07-28T17:17:23.036Z","operationId":"c3eaf84c-6979-44e9-ac00-9c361c4f8c1d","route":"/admin","role":"admin","operationName":"admin_home","phase":"sequential_booking_invoice_group","durationMs":0.01,"status":"success","rowCount":0}
{"type":"perf_timing","timestamp":"2026-07-28T17:17:23.036Z","operationId":"c3eaf84c-6979-44e9-ac00-9c361c4f8c1d","route":"/admin","role":"admin","operationName":"admin_home","phase":"sequential_booking_bank_transfer_group","durationMs":0,"status":"success","rowCount":0}
{"type":"perf_timing","timestamp":"2026-07-28T17:17:23.036Z","operationId":"c3eaf84c-6979-44e9-ac00-9c361c4f8c1d","route":"/admin","role":"admin","operationName":"admin_home","phase":"dashboard_metric_preparation","durationMs":0.01,"status":"success"}
{"type":"perf_timing","timestamp":"2026-07-28T17:17:23.037Z","operationId":"c3eaf84c-6979-44e9-ac00-9c361c4f8c1d","route":"/admin","role":"admin","operationName":"admin_home","phase":"queue_action_feed_preparation","durationMs":0,"status":"success","rowCount":8}
{"type":"perf_timing","timestamp":"2026-07-28T17:17:23.037Z","operationId":"c3eaf84c-6979-44e9-ac00-9c361c4f8c1d","route":"/admin","role":"admin","operationName":"admin_home","phase":"total_server_page_preparation","durationMs":1550.35,"status":"success","rowCount":8}
{"type":"perf_timing","timestamp":"2026-07-28T17:18:00.901Z","operationId":"dffc707a-7bea-4190-905b-036d172abc30","route":"shared_auth","role":"unknown","operationName":"cached_auth_helper","phase":"authenticated_user_lookup","durationMs":184.11,"status":"success"}
{"type":"perf_timing","timestamp":"2026-07-28T17:18:00.902Z","operationId":"654eafc1-a4f8-4e13-8093-e13d44c5fad9","route":"/admin","role":"admin","operationName":"admin_home","phase":"identity_preparation","durationMs":185.04,"status":"success"}
{"type":"perf_timing","timestamp":"2026-07-28T17:18:01.076Z","operationId":"c360892a-648a-40ff-8876-05c75a587589","route":"shared_profile","role":"admin","operationName":"cached_profile_helper","phase":"profile_query_admin","durationMs":172.82,"status":"success","rowCount":1}
{"type":"perf_timing","timestamp":"2026-07-28T17:18:01.076Z","operationId":"654eafc1-a4f8-4e13-8093-e13d44c5fad9","route":"/admin","role":"admin","operationName":"admin_home","phase":"profile_preparation","durationMs":174.26,"status":"success","rowCount":1}
[admin command board] "checkout reschedule rows" query failed: column checkout_change_requests.customer_message does not exist
[admin command board] "checkout cancel rows" query failed: column checkout_change_requests.customer_message does not exist
{"type":"perf_timing","timestamp":"2026-07-28T17:18:01.771Z","operationId":"654eafc1-a4f8-4e13-8093-e13d44c5fad9","route":"/admin","role":"admin","operationName":"admin_home","phase":"main_parallel_query_group","durationMs":695.18,"status":"success"}
{"type":"perf_timing","timestamp":"2026-07-28T17:18:01.957Z","operationId":"654eafc1-a4f8-4e13-8093-e13d44c5fad9","route":"/admin","role":"admin","operationName":"admin_home","phase":"sequential_owner_profile_group","durationMs":185.73,"status":"success","rowCount":12}
{"type":"perf_timing","timestamp":"2026-07-28T17:18:01.958Z","operationId":"654eafc1-a4f8-4e13-8093-e13d44c5fad9","route":"/admin","role":"admin","operationName":"admin_home","phase":"sequential_document_review_booking_group","durationMs":0.06,"status":"success","rowCount":0}
{"type":"perf_timing","timestamp":"2026-07-28T17:18:01.958Z","operationId":"654eafc1-a4f8-4e13-8093-e13d44c5fad9","route":"/admin","role":"admin","operationName":"admin_home","phase":"sequential_booking_invoice_group","durationMs":0.03,"status":"success","rowCount":0}
{"type":"perf_timing","timestamp":"2026-07-28T17:18:01.958Z","operationId":"654eafc1-a4f8-4e13-8093-e13d44c5fad9","route":"/admin","role":"admin","operationName":"admin_home","phase":"sequential_booking_bank_transfer_group","durationMs":0.02,"status":"success","rowCount":0}
{"type":"perf_timing","timestamp":"2026-07-28T17:18:01.958Z","operationId":"654eafc1-a4f8-4e13-8093-e13d44c5fad9","route":"/admin","role":"admin","operationName":"admin_home","phase":"dashboard_metric_preparation","durationMs":0.05,"status":"success"}
{"type":"perf_timing","timestamp":"2026-07-28T17:18:01.958Z","operationId":"654eafc1-a4f8-4e13-8093-e13d44c5fad9","route":"/admin","role":"admin","operationName":"admin_home","phase":"queue_action_feed_preparation","durationMs":0.01,"status":"success","rowCount":8}
{"type":"perf_timing","timestamp":"2026-07-28T17:18:01.958Z","operationId":"654eafc1-a4f8-4e13-8093-e13d44c5fad9","route":"/admin","role":"admin","operationName":"admin_home","phase":"total_server_page_preparation","durationMs":1242.36,"status":"success","rowCount":8}
