
> ozrentaplane@0.1.0 start
> next start

  ▲ Next.js 14.2.35
  - Local:        http://localhost:3000

 ✓ Starting...
 ✓ Ready in 230ms
 ⚠ For production Image Optimization with Next.js, the optional 'sharp' package is strongly recommended. Run 'npm i sharp', and Next.js will use it automatically for Image Optimization.
Read more: https://nextjs.org/docs/messages/sharp-missing-in-production
{"type":"perf_timing","timestamp":"2026-07-28T17:43:48.595Z","operationId":"4c845fb1-1d8e-4776-af86-b91bb8d8ad42","route":"shared_auth","role":"unknown","operationName":"cached_auth_helper","phase":"authenticated_user_lookup","durationMs":365.04,"status":"success"}
{"type":"perf_timing","timestamp":"2026-07-28T17:43:48.595Z","operationId":"28830b78-e846-47d9-a155-9081b4d95831","route":"/dashboard","role":"customer","operationName":"customer_dashboard_page","phase":"identity_preparation","durationMs":365.56,"status":"success"}
{"type":"perf_timing","timestamp":"2026-07-28T17:43:48.595Z","operationId":"85ccf469-f30f-4939-bf66-65a3cde67b47","route":"/dashboard/layout","role":"customer","operationName":"customer_dashboard_layout","phase":"authenticated_user_lookup","durationMs":365.5,"status":"success"}
{"type":"perf_timing","timestamp":"2026-07-28T17:43:49.510Z","operationId":"c77646fc-49e1-4fe3-bbb4-4620db7f0bc7","route":"shared_profile","role":"customer","operationName":"cached_profile_helper","phase":"profile_query_dashboard","durationMs":914.21,"status":"success","rowCount":1}
{"type":"perf_timing","timestamp":"2026-07-28T17:43:49.510Z","operationId":"28830b78-e846-47d9-a155-9081b4d95831","route":"/dashboard","role":"customer","operationName":"customer_dashboard_page","phase":"profile_preparation","durationMs":915.5,"status":"success","rowCount":1}
{"type":"perf_timing","timestamp":"2026-07-28T17:43:49.511Z","operationId":"85ccf469-f30f-4939-bf66-65a3cde67b47","route":"/dashboard/layout","role":"customer","operationName":"customer_dashboard_layout","phase":"profile_block_time_parallel_group","durationMs":916.42,"status":"success","rowCount":1}
{"type":"perf_timing","timestamp":"2026-07-28T17:43:49.947Z","operationId":"dd8f5558-ca60-48e3-bd3d-ab8bdfe7e51d","route":"shared_auth","role":"unknown","operationName":"cached_auth_helper","phase":"authenticated_user_lookup","durationMs":214.49,"status":"success"}
{"type":"perf_timing","timestamp":"2026-07-28T17:43:49.947Z","operationId":"a2999bab-a09f-4cfb-bcb3-5b5508dbc614","route":"/admin/layout","role":"admin","operationName":"admin_layout","phase":"authenticated_user_lookup","durationMs":216.13,"status":"success"}
{"type":"perf_timing","timestamp":"2026-07-28T17:43:49.947Z","operationId":"b2847c8c-c8c3-4330-9bca-866c59f3b71a","route":"/admin","role":"admin","operationName":"admin_home","phase":"identity_preparation","durationMs":214.73,"status":"success"}
{"type":"perf_timing","timestamp":"2026-07-28T17:43:50.131Z","operationId":"29d867b7-f0ca-46cd-8d84-090cf06e348a","route":"shared_profile","role":"admin","operationName":"cached_profile_helper","phase":"profile_query_admin","durationMs":183.28,"status":"success","rowCount":1}
{"type":"perf_timing","timestamp":"2026-07-28T17:43:50.131Z","operationId":"a2999bab-a09f-4cfb-bcb3-5b5508dbc614","route":"/admin/layout","role":"admin","operationName":"admin_layout","phase":"profile_role_lookup","durationMs":184.13,"status":"success","rowCount":1}
{"type":"perf_timing","timestamp":"2026-07-28T17:43:50.131Z","operationId":"b2847c8c-c8c3-4330-9bca-866c59f3b71a","route":"/admin","role":"admin","operationName":"admin_home","phase":"profile_preparation","durationMs":184.07,"status":"success","rowCount":1}
{"type":"perf_timing","timestamp":"2026-07-28T17:43:50.131Z","operationId":"a2999bab-a09f-4cfb-bcb3-5b5508dbc614","route":"/admin/layout","role":"admin","operationName":"admin_layout","phase":"admin_shell_authorization_preparation","durationMs":400.52,"status":"success"}
{"type":"perf_timing","timestamp":"2026-07-28T17:43:50.131Z","operationId":"a2999bab-a09f-4cfb-bcb3-5b5508dbc614","route":"/admin/layout","role":"admin","operationName":"admin_layout","phase":"total_blocking_admin_layout_preparation","durationMs":400.54,"status":"success"}
[admin command board] "checkout cancel rows" query failed: column checkout_change_requests.customer_message does not exist
[admin command board] "checkout reschedule rows" query failed: column checkout_change_requests.customer_message does not exist
{"type":"perf_timing","timestamp":"2026-07-28T17:43:50.534Z","operationId":"b2847c8c-c8c3-4330-9bca-866c59f3b71a","route":"/admin","role":"admin","operationName":"admin_home","phase":"primary_query_group","durationMs":401.91,"status":"success"}
{"type":"perf_timing","timestamp":"2026-07-28T17:43:50.537Z","operationId":"dba27382-10cf-4fb9-9f4a-6a745f543aab","route":"/admin/layout/counts","role":"admin","operationName":"admin_layout","phase":"admin_operational_counts_query_group","durationMs":383.65,"status":"success"}
{"type":"perf_timing","timestamp":"2026-07-28T17:43:50.537Z","operationId":"dba27382-10cf-4fb9-9f4a-6a745f543aab","route":"/admin/layout/counts","role":"admin","operationName":"admin_layout","phase":"dependent_second_query_group","durationMs":0.06,"status":"success","rowCount":0}
{"type":"perf_timing","timestamp":"2026-07-28T17:43:50.537Z","operationId":"dba27382-10cf-4fb9-9f4a-6a745f543aab","route":"/admin/layout/counts","role":"admin","operationName":"admin_layout","phase":"admin_operational_counts_total","durationMs":384.48,"status":"success"}
{"type":"perf_timing","timestamp":"2026-07-28T17:43:50.731Z","operationId":"b2847c8c-c8c3-4330-9bca-866c59f3b71a","route":"/admin","role":"admin","operationName":"admin_home","phase":"followup_parallel_group","durationMs":197.18,"status":"success","rowCount":12}
{"type":"perf_timing","timestamp":"2026-07-28T17:43:50.731Z","operationId":"b2847c8c-c8c3-4330-9bca-866c59f3b71a","route":"/admin","role":"admin","operationName":"admin_home","phase":"dashboard_metric_preparation","durationMs":0.02,"status":"success"}
{"type":"perf_timing","timestamp":"2026-07-28T17:43:50.731Z","operationId":"b2847c8c-c8c3-4330-9bca-866c59f3b71a","route":"/admin","role":"admin","operationName":"admin_home","phase":"action_feed_preparation","durationMs":0.01,"status":"success","rowCount":8}
{"type":"perf_timing","timestamp":"2026-07-28T17:43:50.731Z","operationId":"b2847c8c-c8c3-4330-9bca-866c59f3b71a","route":"/admin","role":"admin","operationName":"admin_home","phase":"total_server_page_preparation","durationMs":1000.6,"status":"success","rowCount":8}
{"type":"perf_timing","timestamp":"2026-07-28T17:43:58.513Z","operationId":"8b4adcee-df2e-40c0-86fb-4d9a33c8501e","route":"shared_auth","role":"unknown","operationName":"cached_auth_helper","phase":"authenticated_user_lookup","durationMs":192.37,"status":"success"}
{"type":"perf_timing","timestamp":"2026-07-28T17:43:58.513Z","operationId":"1af9b187-35a4-4d33-a581-9642c405bd95","route":"/admin/layout","role":"admin","operationName":"admin_layout","phase":"authenticated_user_lookup","durationMs":193.74,"status":"success"}
{"type":"perf_timing","timestamp":"2026-07-28T17:43:58.513Z","operationId":"29d573df-0117-4231-9df1-ec1027d955eb","route":"/admin","role":"admin","operationName":"admin_home","phase":"identity_preparation","durationMs":192.47,"status":"success"}
{"type":"perf_timing","timestamp":"2026-07-28T17:43:58.684Z","operationId":"a7049da3-3f0b-49c6-9cff-4fc07d58fe86","route":"shared_profile","role":"admin","operationName":"cached_profile_helper","phase":"profile_query_admin","durationMs":170.77,"status":"success","rowCount":1}
{"type":"perf_timing","timestamp":"2026-07-28T17:43:58.685Z","operationId":"1af9b187-35a4-4d33-a581-9642c405bd95","route":"/admin/layout","role":"admin","operationName":"admin_layout","phase":"profile_role_lookup","durationMs":171.39,"status":"success","rowCount":1}
{"type":"perf_timing","timestamp":"2026-07-28T17:43:58.685Z","operationId":"29d573df-0117-4231-9df1-ec1027d955eb","route":"/admin","role":"admin","operationName":"admin_home","phase":"profile_preparation","durationMs":171.35,"status":"success","rowCount":1}
{"type":"perf_timing","timestamp":"2026-07-28T17:43:58.685Z","operationId":"1af9b187-35a4-4d33-a581-9642c405bd95","route":"/admin/layout","role":"admin","operationName":"admin_layout","phase":"admin_shell_authorization_preparation","durationMs":365.22,"status":"success"}
{"type":"perf_timing","timestamp":"2026-07-28T17:43:58.685Z","operationId":"1af9b187-35a4-4d33-a581-9642c405bd95","route":"/admin/layout","role":"admin","operationName":"admin_layout","phase":"total_blocking_admin_layout_preparation","durationMs":365.23,"status":"success"}
[admin command board] "checkout cancel rows" query failed: column checkout_change_requests.customer_message does not exist
[admin command board] "checkout reschedule rows" query failed: column checkout_change_requests.customer_message does not exist
{"type":"perf_timing","timestamp":"2026-07-28T17:43:59.033Z","operationId":"9fc26e8e-c49a-4ed7-be7b-ca040cb096d3","route":"/admin/layout/counts","role":"admin","operationName":"admin_layout","phase":"admin_operational_counts_query_group","durationMs":328.79,"status":"success"}
{"type":"perf_timing","timestamp":"2026-07-28T17:43:59.033Z","operationId":"9fc26e8e-c49a-4ed7-be7b-ca040cb096d3","route":"/admin/layout/counts","role":"admin","operationName":"admin_layout","phase":"dependent_second_query_group","durationMs":0.03,"status":"success","rowCount":0}
{"type":"perf_timing","timestamp":"2026-07-28T17:43:59.033Z","operationId":"9fc26e8e-c49a-4ed7-be7b-ca040cb096d3","route":"/admin/layout/counts","role":"admin","operationName":"admin_layout","phase":"admin_operational_counts_total","durationMs":329.58,"status":"success"}
{"type":"perf_timing","timestamp":"2026-07-28T17:43:59.066Z","operationId":"29d573df-0117-4231-9df1-ec1027d955eb","route":"/admin","role":"admin","operationName":"admin_home","phase":"primary_query_group","durationMs":381.07,"status":"success"}
{"type":"perf_timing","timestamp":"2026-07-28T17:43:59.317Z","operationId":"29d573df-0117-4231-9df1-ec1027d955eb","route":"/admin","role":"admin","operationName":"admin_home","phase":"followup_parallel_group","durationMs":251.58,"status":"success","rowCount":12}
{"type":"perf_timing","timestamp":"2026-07-28T17:43:59.317Z","operationId":"29d573df-0117-4231-9df1-ec1027d955eb","route":"/admin","role":"admin","operationName":"admin_home","phase":"dashboard_metric_preparation","durationMs":0.01,"status":"success"}
{"type":"perf_timing","timestamp":"2026-07-28T17:43:59.318Z","operationId":"29d573df-0117-4231-9df1-ec1027d955eb","route":"/admin","role":"admin","operationName":"admin_home","phase":"action_feed_preparation","durationMs":0,"status":"success","rowCount":8}
{"type":"perf_timing","timestamp":"2026-07-28T17:43:59.318Z","operationId":"29d573df-0117-4231-9df1-ec1027d955eb","route":"/admin","role":"admin","operationName":"admin_home","phase":"total_server_page_preparation","durationMs":998.58,"status":"success","rowCount":8}
{"type":"perf_timing","timestamp":"2026-07-28T17:44:09.024Z","operationId":"b5e667d0-69ea-442d-b1a1-7375d7975af9","route":"shared_auth","role":"unknown","operationName":"cached_auth_helper","phase":"authenticated_user_lookup","durationMs":161.35,"status":"success"}
{"type":"perf_timing","timestamp":"2026-07-28T17:44:09.024Z","operationId":"40243756-267f-41d3-b90f-98737917977a","route":"/admin/layout","role":"admin","operationName":"admin_layout","phase":"authenticated_user_lookup","durationMs":163.82,"status":"success"}
{"type":"perf_timing","timestamp":"2026-07-28T17:44:09.024Z","operationId":"85c8dfb5-3944-48a7-b87a-97103fd3d05b","route":"/admin","role":"admin","operationName":"admin_home","phase":"identity_preparation","durationMs":161.46,"status":"success"}
{"type":"perf_timing","timestamp":"2026-07-28T17:44:09.277Z","operationId":"2d0a058c-e61b-4f82-8020-b4398b03732c","route":"shared_profile","role":"admin","operationName":"cached_profile_helper","phase":"profile_query_admin","durationMs":252.62,"status":"success","rowCount":1}
{"type":"perf_timing","timestamp":"2026-07-28T17:44:09.277Z","operationId":"40243756-267f-41d3-b90f-98737917977a","route":"/admin/layout","role":"admin","operationName":"admin_layout","phase":"profile_role_lookup","durationMs":253.1,"status":"success","rowCount":1}
{"type":"perf_timing","timestamp":"2026-07-28T17:44:09.277Z","operationId":"85c8dfb5-3944-48a7-b87a-97103fd3d05b","route":"/admin","role":"admin","operationName":"admin_home","phase":"profile_preparation","durationMs":253.07,"status":"success","rowCount":1}
{"type":"perf_timing","timestamp":"2026-07-28T17:44:09.277Z","operationId":"40243756-267f-41d3-b90f-98737917977a","route":"/admin/layout","role":"admin","operationName":"admin_layout","phase":"admin_shell_authorization_preparation","durationMs":417,"status":"success"}
{"type":"perf_timing","timestamp":"2026-07-28T17:44:09.277Z","operationId":"40243756-267f-41d3-b90f-98737917977a","route":"/admin/layout","role":"admin","operationName":"admin_layout","phase":"total_blocking_admin_layout_preparation","durationMs":417.01,"status":"success"}
[admin command board] "checkout cancel rows" query failed: column checkout_change_requests.customer_message does not exist
[admin command board] "checkout reschedule rows" query failed: column checkout_change_requests.customer_message does not exist
{"type":"perf_timing","timestamp":"2026-07-28T17:44:09.600Z","operationId":"85c8dfb5-3944-48a7-b87a-97103fd3d05b","route":"/admin","role":"admin","operationName":"admin_home","phase":"primary_query_group","durationMs":323.14,"status":"success"}
{"type":"perf_timing","timestamp":"2026-07-28T17:44:09.611Z","operationId":"b2462c73-49fc-430e-b942-d193437c10fc","route":"/admin/layout/counts","role":"admin","operationName":"admin_layout","phase":"admin_operational_counts_query_group","durationMs":317.91,"status":"success"}
{"type":"perf_timing","timestamp":"2026-07-28T17:44:09.611Z","operationId":"b2462c73-49fc-430e-b942-d193437c10fc","route":"/admin/layout/counts","role":"admin","operationName":"admin_layout","phase":"dependent_second_query_group","durationMs":0.01,"status":"success","rowCount":0}
{"type":"perf_timing","timestamp":"2026-07-28T17:44:09.612Z","operationId":"b2462c73-49fc-430e-b942-d193437c10fc","route":"/admin/layout/counts","role":"admin","operationName":"admin_layout","phase":"admin_operational_counts_total","durationMs":318.71,"status":"success"}
{"type":"perf_timing","timestamp":"2026-07-28T17:44:10.604Z","operationId":"85c8dfb5-3944-48a7-b87a-97103fd3d05b","route":"/admin","role":"admin","operationName":"admin_home","phase":"followup_parallel_group","durationMs":1003.56,"status":"success","rowCount":12}
{"type":"perf_timing","timestamp":"2026-07-28T17:44:10.604Z","operationId":"85c8dfb5-3944-48a7-b87a-97103fd3d05b","route":"/admin","role":"admin","operationName":"admin_home","phase":"dashboard_metric_preparation","durationMs":0.02,"status":"success"}
{"type":"perf_timing","timestamp":"2026-07-28T17:44:10.604Z","operationId":"85c8dfb5-3944-48a7-b87a-97103fd3d05b","route":"/admin","role":"admin","operationName":"admin_home","phase":"action_feed_preparation","durationMs":0,"status":"success","rowCount":8}
{"type":"perf_timing","timestamp":"2026-07-28T17:44:10.604Z","operationId":"85c8dfb5-3944-48a7-b87a-97103fd3d05b","route":"/admin","role":"admin","operationName":"admin_home","phase":"total_server_page_preparation","durationMs":1744.22,"status":"success","rowCount":8}
{"type":"perf_timing","timestamp":"2026-07-28T17:44:22.394Z","operationId":"0fb15053-dc2d-44e1-bf79-c4105607c379","route":"shared_auth","role":"unknown","operationName":"cached_auth_helper","phase":"authenticated_user_lookup","durationMs":185.02,"status":"success"}
{"type":"perf_timing","timestamp":"2026-07-28T17:44:22.394Z","operationId":"fa4f4f2e-5131-493b-a475-cf4267c5f376","route":"/admin/layout","role":"admin","operationName":"admin_layout","phase":"authenticated_user_lookup","durationMs":185.97,"status":"success"}
{"type":"perf_timing","timestamp":"2026-07-28T17:44:22.394Z","operationId":"3c828553-765c-41ac-a526-82a3f24c5d5e","route":"/admin","role":"admin","operationName":"admin_home","phase":"identity_preparation","durationMs":185.13,"status":"success"}
{"type":"perf_timing","timestamp":"2026-07-28T17:44:22.559Z","operationId":"6baf7aa2-be0b-4e7f-a05d-a15d71bf1ee0","route":"shared_profile","role":"admin","operationName":"cached_profile_helper","phase":"profile_query_admin","durationMs":164.34,"status":"success","rowCount":1}
{"type":"perf_timing","timestamp":"2026-07-28T17:44:22.559Z","operationId":"fa4f4f2e-5131-493b-a475-cf4267c5f376","route":"/admin/layout","role":"admin","operationName":"admin_layout","phase":"profile_role_lookup","durationMs":164.74,"status":"success","rowCount":1}
{"type":"perf_timing","timestamp":"2026-07-28T17:44:22.559Z","operationId":"3c828553-765c-41ac-a526-82a3f24c5d5e","route":"/admin","role":"admin","operationName":"admin_home","phase":"profile_preparation","durationMs":164.7,"status":"success","rowCount":1}
{"type":"perf_timing","timestamp":"2026-07-28T17:44:22.559Z","operationId":"fa4f4f2e-5131-493b-a475-cf4267c5f376","route":"/admin/layout","role":"admin","operationName":"admin_layout","phase":"admin_shell_authorization_preparation","durationMs":350.79,"status":"success"}
{"type":"perf_timing","timestamp":"2026-07-28T17:44:22.559Z","operationId":"fa4f4f2e-5131-493b-a475-cf4267c5f376","route":"/admin/layout","role":"admin","operationName":"admin_layout","phase":"total_blocking_admin_layout_preparation","durationMs":350.81,"status":"success"}
[admin command board] "checkout reschedule rows" query failed: column checkout_change_requests.customer_message does not exist
[admin command board] "checkout cancel rows" query failed: column checkout_change_requests.customer_message does not exist
{"type":"perf_timing","timestamp":"2026-07-28T17:44:22.820Z","operationId":"3c828553-765c-41ac-a526-82a3f24c5d5e","route":"/admin","role":"admin","operationName":"admin_home","phase":"primary_query_group","durationMs":260.69,"status":"success"}
{"type":"perf_timing","timestamp":"2026-07-28T17:44:22.907Z","operationId":"8b6362b3-d376-4016-ab12-f28399bff6b6","route":"/admin/layout/counts","role":"admin","operationName":"admin_layout","phase":"admin_operational_counts_query_group","durationMs":336.7,"status":"success"}
{"type":"perf_timing","timestamp":"2026-07-28T17:44:22.907Z","operationId":"8b6362b3-d376-4016-ab12-f28399bff6b6","route":"/admin/layout/counts","role":"admin","operationName":"admin_layout","phase":"dependent_second_query_group","durationMs":0.02,"status":"success","rowCount":0}
{"type":"perf_timing","timestamp":"2026-07-28T17:44:22.907Z","operationId":"8b6362b3-d376-4016-ab12-f28399bff6b6","route":"/admin/layout/counts","role":"admin","operationName":"admin_layout","phase":"admin_operational_counts_total","durationMs":337.19,"status":"success"}
{"type":"perf_timing","timestamp":"2026-07-28T17:44:23.013Z","operationId":"3c828553-765c-41ac-a526-82a3f24c5d5e","route":"/admin","role":"admin","operationName":"admin_home","phase":"followup_parallel_group","durationMs":193.46,"status":"success","rowCount":12}
{"type":"perf_timing","timestamp":"2026-07-28T17:44:23.014Z","operationId":"3c828553-765c-41ac-a526-82a3f24c5d5e","route":"/admin","role":"admin","operationName":"admin_home","phase":"dashboard_metric_preparation","durationMs":0.02,"status":"success"}
{"type":"perf_timing","timestamp":"2026-07-28T17:44:23.015Z","operationId":"3c828553-765c-41ac-a526-82a3f24c5d5e","route":"/admin","role":"admin","operationName":"admin_home","phase":"action_feed_preparation","durationMs":0,"status":"success","rowCount":8}
{"type":"perf_timing","timestamp":"2026-07-28T17:44:23.015Z","operationId":"3c828553-765c-41ac-a526-82a3f24c5d5e","route":"/admin","role":"admin","operationName":"admin_home","phase":"total_server_page_preparation","durationMs":807.26,"status":"success","rowCount":8}
{"type":"perf_timing","timestamp":"2026-07-28T17:44:30.257Z","operationId":"4ae1ea21-62d8-4b6d-9bc2-122c63835eba","route":"shared_auth","role":"unknown","operationName":"cached_auth_helper","phase":"authenticated_user_lookup","durationMs":187.87,"status":"success"}
{"type":"perf_timing","timestamp":"2026-07-28T17:44:30.257Z","operationId":"a39d8623-2d47-4c67-9121-19b81ab7ed39","route":"/admin/layout","role":"admin","operationName":"admin_layout","phase":"authenticated_user_lookup","durationMs":189.09,"status":"success"}
{"type":"perf_timing","timestamp":"2026-07-28T17:44:30.257Z","operationId":"75c3a2ba-9fd7-45b2-a0d5-ff9f21e48e26","route":"/admin","role":"admin","operationName":"admin_home","phase":"identity_preparation","durationMs":187.96,"status":"success"}
{"type":"perf_timing","timestamp":"2026-07-28T17:44:30.421Z","operationId":"006c2502-2596-4aef-b4f3-d82bc612f52e","route":"shared_profile","role":"admin","operationName":"cached_profile_helper","phase":"profile_query_admin","durationMs":163.36,"status":"success","rowCount":1}
{"type":"perf_timing","timestamp":"2026-07-28T17:44:30.421Z","operationId":"a39d8623-2d47-4c67-9121-19b81ab7ed39","route":"/admin/layout","role":"admin","operationName":"admin_layout","phase":"profile_role_lookup","durationMs":163.79,"status":"success","rowCount":1}
{"type":"perf_timing","timestamp":"2026-07-28T17:44:30.421Z","operationId":"75c3a2ba-9fd7-45b2-a0d5-ff9f21e48e26","route":"/admin","role":"admin","operationName":"admin_home","phase":"profile_preparation","durationMs":163.74,"status":"success","rowCount":1}
{"type":"perf_timing","timestamp":"2026-07-28T17:44:30.421Z","operationId":"a39d8623-2d47-4c67-9121-19b81ab7ed39","route":"/admin/layout","role":"admin","operationName":"admin_layout","phase":"admin_shell_authorization_preparation","durationMs":352.96,"status":"success"}
{"type":"perf_timing","timestamp":"2026-07-28T17:44:30.421Z","operationId":"a39d8623-2d47-4c67-9121-19b81ab7ed39","route":"/admin/layout","role":"admin","operationName":"admin_layout","phase":"total_blocking_admin_layout_preparation","durationMs":352.97,"status":"success"}
[admin command board] "checkout cancel rows" query failed: column checkout_change_requests.customer_message does not exist
[admin command board] "checkout reschedule rows" query failed: column checkout_change_requests.customer_message does not exist
{"type":"perf_timing","timestamp":"2026-07-28T17:44:30.774Z","operationId":"ea3a2f23-1c73-488c-8e36-86bb8bd315ea","route":"/admin/layout/counts","role":"admin","operationName":"admin_layout","phase":"admin_operational_counts_query_group","durationMs":333.49,"status":"success"}
{"type":"perf_timing","timestamp":"2026-07-28T17:44:30.774Z","operationId":"ea3a2f23-1c73-488c-8e36-86bb8bd315ea","route":"/admin/layout/counts","role":"admin","operationName":"admin_layout","phase":"dependent_second_query_group","durationMs":0.02,"status":"success","rowCount":0}
{"type":"perf_timing","timestamp":"2026-07-28T17:44:30.774Z","operationId":"ea3a2f23-1c73-488c-8e36-86bb8bd315ea","route":"/admin/layout/counts","role":"admin","operationName":"admin_layout","phase":"admin_operational_counts_total","durationMs":333.86,"status":"success"}
{"type":"perf_timing","timestamp":"2026-07-28T17:44:30.810Z","operationId":"75c3a2ba-9fd7-45b2-a0d5-ff9f21e48e26","route":"/admin","role":"admin","operationName":"admin_home","phase":"primary_query_group","durationMs":389.16,"status":"success"}
{"type":"perf_timing","timestamp":"2026-07-28T17:44:31.027Z","operationId":"75c3a2ba-9fd7-45b2-a0d5-ff9f21e48e26","route":"/admin","role":"admin","operationName":"admin_home","phase":"followup_parallel_group","durationMs":216.16,"status":"success","rowCount":12}
{"type":"perf_timing","timestamp":"2026-07-28T17:44:31.027Z","operationId":"75c3a2ba-9fd7-45b2-a0d5-ff9f21e48e26","route":"/admin","role":"admin","operationName":"admin_home","phase":"dashboard_metric_preparation","durationMs":0.02,"status":"success"}
{"type":"perf_timing","timestamp":"2026-07-28T17:44:31.027Z","operationId":"75c3a2ba-9fd7-45b2-a0d5-ff9f21e48e26","route":"/admin","role":"admin","operationName":"admin_home","phase":"action_feed_preparation","durationMs":0,"status":"success","rowCount":8}
{"type":"perf_timing","timestamp":"2026-07-28T17:44:31.027Z","operationId":"75c3a2ba-9fd7-45b2-a0d5-ff9f21e48e26","route":"/admin","role":"admin","operationName":"admin_home","phase":"total_server_page_preparation","durationMs":958.9,"status":"success","rowCount":8}
